---
source: crates/gestalt-tui/tests/tui_replay_screen_tests.rs
expression: rendered
---
┌ Session Lineage ────┐┌ Active Session (Focused) ───────────────────────────────────────┐
│● run-root (2t) [comp││                                                                 │
│   └── ● run-child (0││                                                                 │
│                     ││     ██████╗ ███████╗███████╗████████╗ █████╗ ██╗  ████████╗     │
│                     ││    ██╔════╝ ██╔════╝██╔════╝╚══██╔══╝██╔══██╗██║  ╚══██╔══╝     │
│                     ││    ██║  ███╗█████╗  ███████╗   ██║   ███████║██║     ██║        │
│                     ││    ██║   ██║██╔══╝  ╚════██║   ██║   ██╔══██║██║     ██║        │
│                     ││    ╚██████╔╝███████╗███████║   ██║   ██║  ██║███████╗██║        │
│                     ││     ╚═════╝ ╚══════╝╚══════╝   ╚═╝   ╚═╝  ╚═╝╚══════╝╚═╝        │
│                     ││                                                                 │
│                     ││                                                                 │
│                     ││                                                                 │
│                     ││                                                                 │
└─────────────────────┘└─────────────────────────────────────────────────────────────────┘
┌ System Status ─────────────────────────────────────────────────────────────────────────┐
│Status: Ready  |  Mode: CONFIRM  |  Session: New session  |  Tab: hide lineage          │
└────────────────────────────────────────────────────────────────────────────────────────┘
┌ Prompt Input [NEW SESSION MODE]  (Focused - Press Enter to submit) ────────────────────┐
│                                                                                        │
└────────────────────────────────────────────────────────────────────────────────────────┘
